<html>
<body>
<pre>
<h1>µVision Build Log</h1>
<h2>Tool Versions:</h2>
IDE-Version: ¦ÌVision V5.36.0.0
Copyright (C) 2021 ARM Ltd and ARM Germany GmbH. All rights reserved.
License Information: 1 HP, HP Inc., LIC=03C74-F72GD-HL4CL-0DDV0-2XWR9-1BUGG
 
Tool Versions:
Toolchain:       MDK-ARM Plus  Version: 5.36.0.0
Toolchain Path:  E:\keil\ARM\ARMCC\Bin
C Compiler:      Armcc.exe V5.06 update 7 (build 960)
Assembler:       Armasm.exe V5.06 update 7 (build 960)
Linker/Locator:  ArmLink.exe V5.06 update 7 (build 960)
Library Manager: ArmAr.exe V5.06 update 7 (build 960)
Hex Converter:   FromElf.exe V5.06 update 7 (build 960)
CPU DLL:         SARMCM3.DLL V5.36.0.0
Dialog DLL:      DCM.DLL V1.17.3.0
Target DLL:      STLink\ST-LINKIII-KEIL_SWO.dll V3.0.9.0
Dialog DLL:      TCM.DLL V1.53.0.0
 
<h2>Project:</h2>
C:\Users\HP\Desktop\CubeMx\Supercapacitor\MDK-ARM\Supercapacitor.uvprojx
Project File Date:  04/03/2022

<h2>Output:</h2>
  
Warning: *** SUPPORT EXPIRED, NEW PRODUCT SERIAL NUMBER REQUIRED ***
         *** Running with Code Size Limit: 32K                   ***
*** Using Compiler 'V5.06 update 7 (build 960)', folder: 'E:\keil\ARM\ARMCC\Bin'
Build target 'Supercapacitor'
compiling main.c...
..\USER\user_ad.h(8): warning:  #1295-D: Deprecated declaration ADC_Read - give arg types
  extern void ADC_Read();
..\USER\user_ad.h(11): warning:  #1-D: last line of file ends without a newline
  #endif
..\USER\user_hrtim.h(7): warning:  #1-D: last line of file ends without a newline
  #endif
..\USER\user_pwm.h(12): warning:  #1-D: last line of file ends without a newline
  #endif
../Core/Inc/main.h(53): warning:  #1295-D: Deprecated declaration PWM_Compare - give arg types
  extern void PWM_Compare();
../Core/Src/main.c: 5 warnings, 0 errors
linking...
Program Size: Code=13598 RO-data=482 RW-data=104 ZI-data=2296  
"Supercapacitor\Supercapacitor.axf" - 0 Error(s), 6 Warning(s).

<h2>Software Packages used:</h2>

Package Vendor: ARM
                http://www.keil.com/pack/ARM.CMSIS.5.8.0.pack
                ARM.CMSIS.5.8.0
                CMSIS (Common Microcontroller Software Interface Standard)
   * Component: CORE Version: 5.5.0

Package Vendor: Keil
                http://www.keil.com/pack/Keil.STM32F3xx_DFP.2.2.1.pack
                Keil.STM32F3xx_DFP.2.2.1
                STMicroelectronics STM32F3 Series Device Support and Examples

<h2>Collection of Component include folders:</h2>
  .\RTE\_Supercapacitor
  E:\keil\ARM\PACK\ARM\CMSIS\5.8.0\CMSIS\Core\Include
  E:\keil\ARM\PACK\Keil\STM32F3xx_DFP\2.2.1\Drivers\CMSIS\Device\ST\STM32F3xx\Include

<h2>Collection of Component Files used:</h2>

   * Component: ARM::CMSIS:CORE:5.5.0
      Include file:  CMSIS\Core\Include\tz_context.h
Build Time Elapsed:  00:00:03
</pre>
</body>
</html>
