<html>
<body>
<pre>
<h1>µVision Build Log</h1>
<h2>Tool Versions:</h2>
IDE-Version: ¦ÌVision V5.16a
Copyright (C) 2015 ARM Ltd and ARM Germany GmbH. All rights reserved.
License Information: 1 HP, HP Inc., LIC=03C74-F72GD-HL4CL-0DDV0-2XWR9-1BUGG
 
Tool Versions:
Toolchain:       MDK-ARM Standard  Version: 5.16a
Toolchain Path:  E:\keil\ARM\ARMCC\Bin
C Compiler:      Armcc.exe V5.06 (build 20)
Assembler:       Armasm.exe V5.06 (build 20)
Linker/Locator:  ArmLink.exe V5.06 (build 20)
Library Manager: ArmAr.exe V5.06 (build 20)
Hex Converter:   FromElf.exe V5.06 (build 20)
CPU DLL:         SARMCM3.DLL V5.16a
Dialog DLL:      DCM.DLL V1.13.2.0
Target DLL:      STLink\ST-LINKIII-KEIL_SWO.dll V2.0.17.0
Dialog DLL:      TCM.DLL V1.14.5.0
 
<h2>Project:</h2>
C:\Users\HP\Desktop\CubeMx\adc_test\MDK-ARM\adc_test.uvprojx
Project File Date:  03/08/2022

<h2>Output:</h2>
*** Using Compiler 'V5.06 (build 20)', folder: 'E:\keil\ARM\ARMCC\Bin'
Build target 'adc_test'
compiling main.c...
../Core/Src/main.c(123): warning:  #1035-D: single-precision operand implicitly converted to double-precision
  		V_IN = (float)(ADC_DMA1[0])*3.3/4096*20;
../Core/Src/main.c(124): warning:  #1035-D: single-precision operand implicitly converted to double-precision
  		C_IN= (float)(ADC_DMA1[1])*3.3/4096*5;
../Core/Src/main.c(125): warning:  #1035-D: single-precision operand implicitly converted to double-precision
  		C_OUT = (float)(ADC_DMA2[0])*3.3/4096*5;
../Core/Src/main.c(126): warning:  #1035-D: single-precision operand implicitly converted to double-precision
  		V_CAP = (float)(ADC_DMA2[1])*3.3/4096*20;
../Core/Src/main.c(127): warning:  #1035-D: single-precision operand implicitly converted to double-precision
  		C_CAP = (float)(ADC_DMA2[2])*3.3/4096*2.5;
../Core/Src/main.c: 5 warnings, 0 errors
linking...
Program Size: Code=13216 RO-data=480 RW-data=56 ZI-data=1328  
"adc_test\adc_test.axf" - 0 Error(s), 5 Warning(s).

<h2>Software Packages used:</h2>

Package Vendor: ARM
                http://www.keil.com/pack/ARM.CMSIS.4.3.0.pack
                ARM::CMSIS:CORE:4.1.0
                CMSIS (Cortex Microcontroller Software Interface Standard)
   * Component: CORE Version: 4.1.0

<h2>Collection of Component include folders:</h2>
  C:\Users\HP\Desktop\CubeMx\adc_test\MDK-ARM\RTE
  E:\keil\ARM\PACK\ARM\CMSIS\4.3.0\CMSIS\Include
  E:\keil\ARM\PACK\Keil\STM32F3xx_DFP\2.2.1\Drivers\CMSIS\Device\ST\STM32F3xx\Include

<h2>Collection of Component Files used:</h2>

   * Component: ARM::CMSIS:CORE:4.1.0
Build Time Elapsed:  00:00:01
</pre>
</body>
</html>
